Archive member included because of file (symbol)

c:/freescale/kds_3.0.0/toolchain/bin/../lib/gcc/arm-none-eabi/4.8.4/armv6-m\libgcc.a(_udivsi3.o)
                              ./Sources/main.o (__aeabi_uidiv)
c:/freescale/kds_3.0.0/toolchain/bin/../lib/gcc/arm-none-eabi/4.8.4/armv6-m\libgcc.a(_dvmd_tls.o)
                              c:/freescale/kds_3.0.0/toolchain/bin/../lib/gcc/arm-none-eabi/4.8.4/armv6-m\libgcc.a(_udivsi3.o) (__aeabi_idiv0)
c:/freescale/kds_3.0.0/toolchain/bin/../lib/gcc/arm-none-eabi/4.8.4/../../../../arm-none-eabi/lib/armv6-m\libg_s.a(lib_a-exit.o)
                              c:/freescale/kds_3.0.0/toolchain/bin/../lib/gcc/arm-none-eabi/4.8.4/../../../../arm-none-eabi/lib/armv6-m/crt0.o (exit)
c:/freescale/kds_3.0.0/toolchain/bin/../lib/gcc/arm-none-eabi/4.8.4/../../../../arm-none-eabi/lib/armv6-m\libg_s.a(lib_a-impure.o)
                              c:/freescale/kds_3.0.0/toolchain/bin/../lib/gcc/arm-none-eabi/4.8.4/../../../../arm-none-eabi/lib/armv6-m\libg_s.a(lib_a-exit.o) (_global_impure_ptr)
c:/freescale/kds_3.0.0/toolchain/bin/../lib/gcc/arm-none-eabi/4.8.4/../../../../arm-none-eabi/lib/armv6-m\libg_s.a(lib_a-init.o)
                              c:/freescale/kds_3.0.0/toolchain/bin/../lib/gcc/arm-none-eabi/4.8.4/../../../../arm-none-eabi/lib/armv6-m/crt0.o (__libc_init_array)
c:/freescale/kds_3.0.0/toolchain/bin/../lib/gcc/arm-none-eabi/4.8.4/../../../../arm-none-eabi/lib/armv6-m\libg_s.a(lib_a-malloc.o)
                              ./Sources/circular_buf.o (malloc)
c:/freescale/kds_3.0.0/toolchain/bin/../lib/gcc/arm-none-eabi/4.8.4/../../../../arm-none-eabi/lib/armv6-m\libg_s.a(lib_a-memcpy-stub.o)
                              ./Sources/circular_buf.o (memcpy)
c:/freescale/kds_3.0.0/toolchain/bin/../lib/gcc/arm-none-eabi/4.8.4/../../../../arm-none-eabi/lib/armv6-m\libg_s.a(lib_a-memset.o)
                              c:/freescale/kds_3.0.0/toolchain/bin/../lib/gcc/arm-none-eabi/4.8.4/../../../../arm-none-eabi/lib/armv6-m/crt0.o (memset)
c:/freescale/kds_3.0.0/toolchain/bin/../lib/gcc/arm-none-eabi/4.8.4/../../../../arm-none-eabi/lib/armv6-m\libg_s.a(lib_a-nano-freer.o)
                              c:/freescale/kds_3.0.0/toolchain/bin/../lib/gcc/arm-none-eabi/4.8.4/../../../../arm-none-eabi/lib/armv6-m\libg_s.a(lib_a-malloc.o) (_free_r)
c:/freescale/kds_3.0.0/toolchain/bin/../lib/gcc/arm-none-eabi/4.8.4/../../../../arm-none-eabi/lib/armv6-m\libg_s.a(lib_a-nano-mallocr.o)
                              c:/freescale/kds_3.0.0/toolchain/bin/../lib/gcc/arm-none-eabi/4.8.4/../../../../arm-none-eabi/lib/armv6-m\libg_s.a(lib_a-malloc.o) (_malloc_r)
c:/freescale/kds_3.0.0/toolchain/bin/../lib/gcc/arm-none-eabi/4.8.4/../../../../arm-none-eabi/lib/armv6-m\libg_s.a(lib_a-sbrkr.o)
                              c:/freescale/kds_3.0.0/toolchain/bin/../lib/gcc/arm-none-eabi/4.8.4/../../../../arm-none-eabi/lib/armv6-m\libg_s.a(lib_a-nano-mallocr.o) (_sbrk_r)
c:/freescale/kds_3.0.0/toolchain/bin/../lib/gcc/arm-none-eabi/4.8.4/../../../../arm-none-eabi/lib/armv6-m\libg_s.a(lib_a-reent.o)
                              c:/freescale/kds_3.0.0/toolchain/bin/../lib/gcc/arm-none-eabi/4.8.4/../../../../arm-none-eabi/lib/armv6-m\libg_s.a(lib_a-sbrkr.o) (errno)
c:/freescale/kds_3.0.0/toolchain/bin/../lib/gcc/arm-none-eabi/4.8.4/../../../../arm-none-eabi/lib/armv6-m\libnosys.a(sbrk.o)
                              c:/freescale/kds_3.0.0/toolchain/bin/../lib/gcc/arm-none-eabi/4.8.4/../../../../arm-none-eabi/lib/armv6-m\libg_s.a(lib_a-sbrkr.o) (_sbrk)
c:/freescale/kds_3.0.0/toolchain/bin/../lib/gcc/arm-none-eabi/4.8.4/../../../../arm-none-eabi/lib/armv6-m\libnosys.a(_exit.o)
                              c:/freescale/kds_3.0.0/toolchain/bin/../lib/gcc/arm-none-eabi/4.8.4/../../../../arm-none-eabi/lib/armv6-m\libg_s.a(lib_a-exit.o) (_exit)

Allocating common symbols
Common symbol       size              file

errno               0x4               c:/freescale/kds_3.0.0/toolchain/bin/../lib/gcc/arm-none-eabi/4.8.4/../../../../arm-none-eabi/lib/armv6-m\libg_s.a(lib_a-reent.o)
ui32RxBuffer        0x50              ./Sources/main.o
msTicks             0x4               ./Sources/main.o
ui32TxBuffer        0x14              ./Sources/main.o

Discarded input sections

 .text          0x00000000        0x0 c:/freescale/kds_3.0.0/toolchain/bin/../lib/gcc/arm-none-eabi/4.8.4/armv6-m/crti.o
 .data          0x00000000        0x0 c:/freescale/kds_3.0.0/toolchain/bin/../lib/gcc/arm-none-eabi/4.8.4/armv6-m/crti.o
 .bss           0x00000000        0x0 c:/freescale/kds_3.0.0/toolchain/bin/../lib/gcc/arm-none-eabi/4.8.4/armv6-m/crti.o
 .data          0x00000000        0x4 c:/freescale/kds_3.0.0/toolchain/bin/../lib/gcc/arm-none-eabi/4.8.4/armv6-m/crtbegin.o
 .data          0x00000000        0x0 c:/freescale/kds_3.0.0/toolchain/bin/../lib/gcc/arm-none-eabi/4.8.4/../../../../arm-none-eabi/lib/armv6-m/crt0.o
 .bss           0x00000000        0x0 c:/freescale/kds_3.0.0/toolchain/bin/../lib/gcc/arm-none-eabi/4.8.4/../../../../arm-none-eabi/lib/armv6-m/crt0.o
 .ARM.extab     0x00000000        0x0 c:/freescale/kds_3.0.0/toolchain/bin/../lib/gcc/arm-none-eabi/4.8.4/../../../../arm-none-eabi/lib/armv6-m/crt0.o
 .group         0x00000000        0x8 ./Sources/circular_buf.o
 .group         0x00000000        0x8 ./Sources/circular_buf.o
 .group         0x00000000        0x8 ./Sources/circular_buf.o
 .group         0x00000000        0x8 ./Sources/circular_buf.o
 .group         0x00000000        0x8 ./Sources/circular_buf.o
 .group         0x00000000        0x8 ./Sources/circular_buf.o
 .group         0x00000000        0x8 ./Sources/circular_buf.o
 .group         0x00000000        0x8 ./Sources/circular_buf.o
 .group         0x00000000        0x8 ./Sources/circular_buf.o
 .group         0x00000000        0x8 ./Sources/circular_buf.o
 .group         0x00000000        0x8 ./Sources/circular_buf.o
 .group         0x00000000        0x8 ./Sources/circular_buf.o
 .group         0x00000000        0x8 ./Sources/circular_buf.o
 .group         0x00000000        0x8 ./Sources/circular_buf.o
 .group         0x00000000        0x8 ./Sources/circular_buf.o
 .group         0x00000000        0x8 ./Sources/circular_buf.o
 .group         0x00000000        0x8 ./Sources/circular_buf.o
 .group         0x00000000        0x8 ./Sources/circular_buf.o
 .group         0x00000000        0x8 ./Sources/circular_buf.o
 .group         0x00000000        0x8 ./Sources/circular_buf.o
 .group         0x00000000        0x8 ./Sources/circular_buf.o
 .group         0x00000000        0x8 ./Sources/circular_buf.o
 .group         0x00000000        0x8 ./Sources/circular_buf.o
 .group         0x00000000        0x8 ./Sources/circular_buf.o
 .text          0x00000000        0x0 ./Sources/circular_buf.o
 .data          0x00000000        0x0 ./Sources/circular_buf.o
 .bss           0x00000000        0x0 ./Sources/circular_buf.o
 .text.cb_init  0x00000000       0x60 ./Sources/circular_buf.o
 .text.buffer_free
                0x00000000       0x18 ./Sources/circular_buf.o
 .text.BufferEmpty
                0x00000000       0x20 ./Sources/circular_buf.o
 .text.RemoveItemToBuf
                0x00000000       0x58 ./Sources/circular_buf.o
 .group         0x00000000        0x8 ./Sources/main.o
 .group         0x00000000        0x8 ./Sources/main.o
 .group         0x00000000        0x8 ./Sources/main.o
 .group         0x00000000        0x8 ./Sources/main.o
 .group         0x00000000        0x8 ./Sources/main.o
 .group         0x00000000        0x8 ./Sources/main.o
 .group         0x00000000        0x8 ./Sources/main.o
 .group         0x00000000        0x8 ./Sources/main.o
 .group         0x00000000        0x8 ./Sources/main.o
 .group         0x00000000        0x8 ./Sources/main.o
 .group         0x00000000        0x8 ./Sources/main.o
 .group         0x00000000        0x8 ./Sources/main.o
 .group         0x00000000        0x8 ./Sources/main.o
 .group         0x00000000        0x8 ./Sources/main.o
 .group         0x00000000        0x8 ./Sources/main.o
 .group         0x00000000        0x8 ./Sources/main.o
 .group         0x00000000        0x8 ./Sources/main.o
 .group         0x00000000        0x8 ./Sources/main.o
 .group         0x00000000        0x8 ./Sources/main.o
 .group         0x00000000        0x8 ./Sources/main.o
 .group         0x00000000        0x8 ./Sources/main.o
 .group         0x00000000        0x8 ./Sources/main.o
 .group         0x00000000        0x8 ./Sources/main.o
 .group         0x00000000        0x8 ./Sources/main.o
 .group         0x00000000        0x8 ./Sources/main.o
 .group         0x00000000        0x8 ./Sources/main.o
 .group         0x00000000        0x8 ./Sources/main.o
 .group         0x00000000        0x8 ./Sources/main.o
 .group         0x00000000        0x8 ./Sources/main.o
 .group         0x00000000        0x8 ./Sources/main.o
 .group         0x00000000        0x8 ./Sources/main.o
 .group         0x00000000        0x8 ./Sources/main.o
 .group         0x00000000        0x8 ./Sources/main.o
 .text          0x00000000        0x0 ./Sources/main.o
 .data          0x00000000        0x0 ./Sources/main.o
 .bss           0x00000000        0x0 ./Sources/main.o
 .text.IRQInterruptHandler
                0x00000000       0x70 ./Sources/main.o
 .debug_macro   0x00000000      0x808 ./Sources/main.o
 .debug_macro   0x00000000       0x16 ./Sources/main.o
 .debug_macro   0x00000000       0x58 ./Sources/main.o
 .debug_macro   0x00000000       0x35 ./Sources/main.o
 .debug_macro   0x00000000       0xa3 ./Sources/main.o
 .debug_macro   0x00000000       0x16 ./Sources/main.o
 .debug_macro   0x00000000       0x97 ./Sources/main.o
 .debug_macro   0x00000000       0x10 ./Sources/main.o
 .debug_macro   0x00000000       0xef ./Sources/main.o
 .debug_macro   0x00000000       0x52 ./Sources/main.o
 .debug_macro   0x00000000       0x16 ./Sources/main.o
 .debug_macro   0x00000000       0x43 ./Sources/main.o
 .debug_macro   0x00000000      0x180 ./Sources/main.o
 .debug_macro   0x00000000       0x10 ./Sources/main.o
 .debug_macro   0x00000000       0x22 ./Sources/main.o
 .debug_macro   0x00000000       0xbd ./Sources/main.o
 .debug_macro   0x00000000       0x16 ./Sources/main.o
 .debug_macro   0x00000000      0x14a ./Sources/main.o
 .debug_macro   0x00000000       0x16 ./Sources/main.o
 .debug_macro   0x00000000       0x35 ./Sources/main.o
 .debug_macro   0x00000000       0x22 ./Sources/main.o
 .debug_macro   0x00000000      0x2a6 ./Sources/main.o
 .debug_macro   0x00000000       0x10 ./Sources/main.o
 .group         0x00000000        0x8 ./Sources/nrf24l01_1.o
 .group         0x00000000        0x8 ./Sources/nrf24l01_1.o
 .group         0x00000000        0x8 ./Sources/nrf24l01_1.o
 .group         0x00000000        0x8 ./Sources/nrf24l01_1.o
 .group         0x00000000        0x8 ./Sources/nrf24l01_1.o
 .group         0x00000000        0x8 ./Sources/nrf24l01_1.o
 .group         0x00000000        0x8 ./Sources/nrf24l01_1.o
 .group         0x00000000        0x8 ./Sources/nrf24l01_1.o
 .group         0x00000000        0x8 ./Sources/nrf24l01_1.o
 .group         0x00000000        0x8 ./Sources/nrf24l01_1.o
 .group         0x00000000        0x8 ./Sources/nrf24l01_1.o
 .group         0x00000000        0x8 ./Sources/nrf24l01_1.o
 .text          0x00000000        0x0 ./Sources/nrf24l01_1.o
 .data          0x00000000        0x0 ./Sources/nrf24l01_1.o
 .bss           0x00000000        0x0 ./Sources/nrf24l01_1.o
 .text.Delay    0x00000000       0x34 ./Sources/nrf24l01_1.o
 .text.Nrf_read_register
                0x00000000       0x54 ./Sources/nrf24l01_1.o
 .text.RFReadRecieveBuffer
                0x00000000       0xc4 ./Sources/nrf24l01_1.o
 .text.nrf_flush_tx_fifo
                0x00000000       0x10 ./Sources/nrf24l01_1.o
 .debug_macro   0x00000000      0x808 ./Sources/nrf24l01_1.o
 .debug_macro   0x00000000       0x16 ./Sources/nrf24l01_1.o
 .debug_macro   0x00000000       0x16 ./Sources/nrf24l01_1.o
 .debug_macro   0x00000000       0x44 ./Sources/nrf24l01_1.o
 .debug_macro   0x00000000      0x209 ./Sources/nrf24l01_1.o
 .debug_macro   0x00000000       0x3a ./Sources/nrf24l01_1.o
 .debug_macro   0x00000000       0x3a ./Sources/nrf24l01_1.o
 .debug_macro   0x00000000       0x1f ./Sources/nrf24l01_1.o
 .debug_macro   0x00000000      0x250 ./Sources/nrf24l01_1.o
 .debug_macro   0x00000000       0x63 ./Sources/nrf24l01_1.o
 .debug_macro   0x00000000     0x8439 ./Sources/nrf24l01_1.o
 .debug_macro   0x00000000      0x10c ./Sources/nrf24l01_1.o
 .group         0x00000000        0x8 ./Sources/spi.o
 .group         0x00000000        0x8 ./Sources/spi.o
 .group         0x00000000        0x8 ./Sources/spi.o
 .group         0x00000000        0x8 ./Sources/spi.o
 .group         0x00000000        0x8 ./Sources/spi.o
 .group         0x00000000        0x8 ./Sources/spi.o
 .group         0x00000000        0x8 ./Sources/spi.o
 .group         0x00000000        0x8 ./Sources/spi.o
 .group         0x00000000        0x8 ./Sources/spi.o
 .group         0x00000000        0x8 ./Sources/spi.o
 .group         0x00000000        0x8 ./Sources/spi.o
 .text          0x00000000        0x0 ./Sources/spi.o
 .data          0x00000000        0x0 ./Sources/spi.o
 .bss           0x00000000        0x0 ./Sources/spi.o
 .debug_macro   0x00000000      0x808 ./Sources/spi.o
 .debug_macro   0x00000000       0x16 ./Sources/spi.o
 .debug_macro   0x00000000       0x16 ./Sources/spi.o
 .debug_macro   0x00000000       0x44 ./Sources/spi.o
 .debug_macro   0x00000000      0x209 ./Sources/spi.o
 .debug_macro   0x00000000       0x3a ./Sources/spi.o
 .debug_macro   0x00000000       0x3a ./Sources/spi.o
 .debug_macro   0x00000000       0x1f ./Sources/spi.o
 .debug_macro   0x00000000      0x250 ./Sources/spi.o
 .debug_macro   0x00000000       0x63 ./Sources/spi.o
 .debug_macro   0x00000000     0x8439 ./Sources/spi.o
 .group         0x00000000        0x8 ./Project_Settings/Startup_Code/startup.o
 .group         0x00000000        0x8 ./Project_Settings/Startup_Code/startup.o
 .group         0x00000000        0x8 ./Project_Settings/Startup_Code/startup.o
 .group         0x00000000        0x8 ./Project_Settings/Startup_Code/startup.o
 .group         0x00000000        0x8 ./Project_Settings/Startup_Code/startup.o
 .group         0x00000000        0x8 ./Project_Settings/Startup_Code/startup.o
 .group         0x00000000        0x8 ./Project_Settings/Startup_Code/startup.o
 .group         0x00000000        0x8 ./Project_Settings/Startup_Code/startup.o
 .group         0x00000000        0x8 ./Project_Settings/Startup_Code/startup.o
 .group         0x00000000        0x8 ./Project_Settings/Startup_Code/startup.o
 .group         0x00000000        0x8 ./Project_Settings/Startup_Code/startup.o
 .group         0x00000000        0x8 ./Project_Settings/Startup_Code/startup.o
 .group         0x00000000        0x8 ./Project_Settings/Startup_Code/startup.o
 .group         0x00000000        0x8 ./Project_Settings/Startup_Code/startup.o
 .group         0x00000000        0x8 ./Project_Settings/Startup_Code/startup.o
 .group         0x00000000        0x8 ./Project_Settings/Startup_Code/startup.o
 .group         0x00000000        0x8 ./Project_Settings/Startup_Code/startup.o
 .group         0x00000000        0x8 ./Project_Settings/Startup_Code/startup.o
 .group         0x00000000        0x8 ./Project_Settings/Startup_Code/startup.o
 .group         0x00000000        0x8 ./Project_Settings/Startup_Code/startup.o
 .group         0x00000000        0x8 ./Project_Settings/Startup_Code/startup.o
 .group         0x00000000        0x8 ./Project_Settings/Startup_Code/startup.o
 .group         0x00000000        0x8 ./Project_Settings/Startup_Code/startup.o
 .group         0x00000000        0x8 ./Project_Settings/Startup_Code/startup.o
 .group         0x00000000        0x8 ./Project_Settings/Startup_Code/startup.o
 .group         0x00000000        0x8 ./Project_Settings/Startup_Code/startup.o
 .text          0x00000000        0x0 ./Project_Settings/Startup_Code/startup.o
 .data          0x00000000        0x0 ./Project_Settings/Startup_Code/startup.o
 .bss           0x00000000        0x0 ./Project_Settings/Startup_Code/startup.o
 .debug_macro   0x00000000      0x808 ./Project_Settings/Startup_Code/startup.o
 .debug_macro   0x00000000       0x16 ./Project_Settings/Startup_Code/startup.o
 .debug_macro   0x00000000       0x16 ./Project_Settings/Startup_Code/startup.o
 .debug_macro   0x00000000       0x44 ./Project_Settings/Startup_Code/startup.o
 .debug_macro   0x00000000      0x209 ./Project_Settings/Startup_Code/startup.o
 .debug_macro   0x00000000       0x3a ./Project_Settings/Startup_Code/startup.o
 .debug_macro   0x00000000       0x3a ./Project_Settings/Startup_Code/startup.o
 .debug_macro   0x00000000       0x1f ./Project_Settings/Startup_Code/startup.o
 .debug_macro   0x00000000      0x250 ./Project_Settings/Startup_Code/startup.o
 .debug_macro   0x00000000       0x63 ./Project_Settings/Startup_Code/startup.o
 .debug_macro   0x00000000     0x8439 ./Project_Settings/Startup_Code/startup.o
 .debug_macro   0x00000000       0x58 ./Project_Settings/Startup_Code/startup.o
 .debug_macro   0x00000000       0x35 ./Project_Settings/Startup_Code/startup.o
 .debug_macro   0x00000000       0xa3 ./Project_Settings/Startup_Code/startup.o
 .debug_macro   0x00000000       0x16 ./Project_Settings/Startup_Code/startup.o
 .debug_macro   0x00000000       0x52 ./Project_Settings/Startup_Code/startup.o
 .debug_macro   0x00000000       0x16 ./Project_Settings/Startup_Code/startup.o
 .debug_macro   0x00000000       0x43 ./Project_Settings/Startup_Code/startup.o
 .debug_macro   0x00000000      0x180 ./Project_Settings/Startup_Code/startup.o
 .debug_macro   0x00000000       0x22 ./Project_Settings/Startup_Code/startup.o
 .data          0x00000000        0x0 ./Project_Settings/Startup_Code/startup_MKL25Z4.o
 .bss           0x00000000        0x0 ./Project_Settings/Startup_Code/startup_MKL25Z4.o
 .group         0x00000000        0x8 ./Project_Settings/Startup_Code/system_MKL25Z4.o
 .group         0x00000000        0x8 ./Project_Settings/Startup_Code/system_MKL25Z4.o
 .group         0x00000000        0x8 ./Project_Settings/Startup_Code/system_MKL25Z4.o
 .group         0x00000000        0x8 ./Project_Settings/Startup_Code/system_MKL25Z4.o
 .group         0x00000000        0x8 ./Project_Settings/Startup_Code/system_MKL25Z4.o
 .group         0x00000000        0x8 ./Project_Settings/Startup_Code/system_MKL25Z4.o
 .group         0x00000000        0x8 ./Project_Settings/Startup_Code/system_MKL25Z4.o
 .group         0x00000000        0x8 ./Project_Settings/Startup_Code/system_MKL25Z4.o
 .group         0x00000000        0x8 ./Project_Settings/Startup_Code/system_MKL25Z4.o
 .group         0x00000000        0x8 ./Project_Settings/Startup_Code/system_MKL25Z4.o
 .group         0x00000000        0x8 ./Project_Settings/Startup_Code/system_MKL25Z4.o
 .group         0x00000000        0x8 ./Project_Settings/Startup_Code/system_MKL25Z4.o
 .group         0x00000000        0x8 ./Project_Settings/Startup_Code/system_MKL25Z4.o
 .group         0x00000000        0x8 ./Project_Settings/Startup_Code/system_MKL25Z4.o
 .group         0x00000000        0x8 ./Project_Settings/Startup_Code/system_MKL25Z4.o
 .group         0x00000000        0x8 ./Project_Settings/Startup_Code/system_MKL25Z4.o
 .group         0x00000000        0x8 ./Project_Settings/Startup_Code/system_MKL25Z4.o
 .group         0x00000000        0x8 ./Project_Settings/Startup_Code/system_MKL25Z4.o
 .group         0x00000000        0x8 ./Project_Settings/Startup_Code/system_MKL25Z4.o
 .group         0x00000000        0x8 ./Project_Settings/Startup_Code/system_MKL25Z4.o
 .group         0x00000000        0x8 ./Project_Settings/Startup_Code/system_MKL25Z4.o
 .group         0x00000000        0x8 ./Project_Settings/Startup_Code/system_MKL25Z4.o
 .group         0x00000000        0x8 ./Project_Settings/Startup_Code/system_MKL25Z4.o
 .group         0x00000000        0x8 ./Project_Settings/Startup_Code/system_MKL25Z4.o
 .group         0x00000000        0x8 ./Project_Settings/Startup_Code/system_MKL25Z4.o
 .text          0x00000000        0x0 ./Project_Settings/Startup_Code/system_MKL25Z4.o
 .data          0x00000000        0x0 ./Project_Settings/Startup_Code/system_MKL25Z4.o
 .bss           0x00000000        0x0 ./Project_Settings/Startup_Code/system_MKL25Z4.o
 .debug_macro   0x00000000      0x808 ./Project_Settings/Startup_Code/system_MKL25Z4.o
 .debug_macro   0x00000000       0x16 ./Project_Settings/Startup_Code/system_MKL25Z4.o
 .debug_macro   0x00000000       0x44 ./Project_Settings/Startup_Code/system_MKL25Z4.o
 .debug_macro   0x00000000      0x209 ./Project_Settings/Startup_Code/system_MKL25Z4.o
 .debug_macro   0x00000000       0x11 ./Project_Settings/Startup_Code/system_MKL25Z4.o
 .debug_macro   0x00000000       0x3a ./Project_Settings/Startup_Code/system_MKL25Z4.o
 .debug_macro   0x00000000       0x1f ./Project_Settings/Startup_Code/system_MKL25Z4.o
 .debug_macro   0x00000000      0x250 ./Project_Settings/Startup_Code/system_MKL25Z4.o
 .debug_macro   0x00000000       0x63 ./Project_Settings/Startup_Code/system_MKL25Z4.o
 .debug_macro   0x00000000     0x8439 ./Project_Settings/Startup_Code/system_MKL25Z4.o
 .debug_macro   0x00000000       0x58 ./Project_Settings/Startup_Code/system_MKL25Z4.o
 .debug_macro   0x00000000       0x35 ./Project_Settings/Startup_Code/system_MKL25Z4.o
 .debug_macro   0x00000000       0xa3 ./Project_Settings/Startup_Code/system_MKL25Z4.o
 .debug_macro   0x00000000       0x16 ./Project_Settings/Startup_Code/system_MKL25Z4.o
 .debug_macro   0x00000000      0x10e ./Project_Settings/Startup_Code/system_MKL25Z4.o
 .debug_macro   0x00000000       0x7f ./Project_Settings/Startup_Code/system_MKL25Z4.o
 .debug_macro   0x00000000       0x52 ./Project_Settings/Startup_Code/system_MKL25Z4.o
 .debug_macro   0x00000000       0x16 ./Project_Settings/Startup_Code/system_MKL25Z4.o
 .debug_macro   0x00000000       0x43 ./Project_Settings/Startup_Code/system_MKL25Z4.o
 .debug_macro   0x00000000      0x180 ./Project_Settings/Startup_Code/system_MKL25Z4.o
 .debug_macro   0x00000000       0x22 ./Project_Settings/Startup_Code/system_MKL25Z4.o
 .debug_macro   0x00000000       0x7c ./Project_Settings/Startup_Code/system_MKL25Z4.o
 .debug_macro   0x00000000     0x764c ./Project_Settings/Startup_Code/system_MKL25Z4.o
 .debug_macro   0x00000000     0x10b2 ./Project_Settings/Startup_Code/system_MKL25Z4.o
 .data          0x00000000        0x0 c:/freescale/kds_3.0.0/toolchain/bin/../lib/gcc/arm-none-eabi/4.8.4/armv6-m\libgcc.a(_udivsi3.o)
 .bss           0x00000000        0x0 c:/freescale/kds_3.0.0/toolchain/bin/../lib/gcc/arm-none-eabi/4.8.4/armv6-m\libgcc.a(_udivsi3.o)
 .data          0x00000000        0x0 c:/freescale/kds_3.0.0/toolchain/bin/../lib/gcc/arm-none-eabi/4.8.4/armv6-m\libgcc.a(_dvmd_tls.o)
 .bss           0x00000000        0x0 c:/freescale/kds_3.0.0/toolchain/bin/../lib/gcc/arm-none-eabi/4.8.4/armv6-m\libgcc.a(_dvmd_tls.o)
 .text          0x00000000        0x0 c:/freescale/kds_3.0.0/toolchain/bin/../lib/gcc/arm-none-eabi/4.8.4/../../../../arm-none-eabi/lib/armv6-m\libg_s.a(lib_a-exit.o)
 .data          0x00000000        0x0 c:/freescale/kds_3.0.0/toolchain/bin/../lib/gcc/arm-none-eabi/4.8.4/../../../../arm-none-eabi/lib/armv6-m\libg_s.a(lib_a-exit.o)
 .bss           0x00000000        0x0 c:/freescale/kds_3.0.0/toolchain/bin/../lib/gcc/arm-none-eabi/4.8.4/../../../../arm-none-eabi/lib/armv6-m\libg_s.a(lib_a-exit.o)
 .text          0x00000000        0x0 c:/freescale/kds_3.0.0/toolchain/bin/../lib/gcc/arm-none-eabi/4.8.4/../../../../arm-none-eabi/lib/armv6-m\libg_s.a(lib_a-impure.o)
 .data          0x00000000        0x0 c:/freescale/kds_3.0.0/toolchain/bin/../lib/gcc/arm-none-eabi/4.8.4/../../../../arm-none-eabi/lib/armv6-m\libg_s.a(lib_a-impure.o)
 .bss           0x00000000        0x0 c:/freescale/kds_3.0.0/toolchain/bin/../lib/gcc/arm-none-eabi/4.8.4/../../../../arm-none-eabi/lib/armv6-m\libg_s.a(lib_a-impure.o)
 .data._impure_ptr
                0x00000000        0x4 c:/freescale/kds_3.0.0/toolchain/bin/../lib/gcc/arm-none-eabi/4.8.4/../../../../arm-none-eabi/lib/armv6-m\libg_s.a(lib_a-impure.o)
 .text          0x00000000        0x0 c:/freescale/kds_3.0.0/toolchain/bin/../lib/gcc/arm-none-eabi/4.8.4/../../../../arm-none-eabi/lib/armv6-m\libg_s.a(lib_a-init.o)
 .data          0x00000000        0x0 c:/freescale/kds_3.0.0/toolchain/bin/../lib/gcc/arm-none-eabi/4.8.4/../../../../arm-none-eabi/lib/armv6-m\libg_s.a(lib_a-init.o)
 .bss           0x00000000        0x0 c:/freescale/kds_3.0.0/toolchain/bin/../lib/gcc/arm-none-eabi/4.8.4/../../../../arm-none-eabi/lib/armv6-m\libg_s.a(lib_a-init.o)
 .text          0x00000000        0x0 c:/freescale/kds_3.0.0/toolchain/bin/../lib/gcc/arm-none-eabi/4.8.4/../../../../arm-none-eabi/lib/armv6-m\libg_s.a(lib_a-malloc.o)
 .data          0x00000000        0x0 c:/freescale/kds_3.0.0/toolchain/bin/../lib/gcc/arm-none-eabi/4.8.4/../../../../arm-none-eabi/lib/armv6-m\libg_s.a(lib_a-malloc.o)
 .bss           0x00000000        0x0 c:/freescale/kds_3.0.0/toolchain/bin/../lib/gcc/arm-none-eabi/4.8.4/../../../../arm-none-eabi/lib/armv6-m\libg_s.a(lib_a-malloc.o)
 .text.malloc   0x00000000       0x14 c:/freescale/kds_3.0.0/toolchain/bin/../lib/gcc/arm-none-eabi/4.8.4/../../../../arm-none-eabi/lib/armv6-m\libg_s.a(lib_a-malloc.o)
 .text.free     0x00000000       0x14 c:/freescale/kds_3.0.0/toolchain/bin/../lib/gcc/arm-none-eabi/4.8.4/../../../../arm-none-eabi/lib/armv6-m\libg_s.a(lib_a-malloc.o)
 .ARM.attributes
                0x00000000       0x2c c:/freescale/kds_3.0.0/toolchain/bin/../lib/gcc/arm-none-eabi/4.8.4/../../../../arm-none-eabi/lib/armv6-m\libg_s.a(lib_a-malloc.o)
 .debug_frame   0x00000000       0x40 c:/freescale/kds_3.0.0/toolchain/bin/../lib/gcc/arm-none-eabi/4.8.4/../../../../arm-none-eabi/lib/armv6-m\libg_s.a(lib_a-malloc.o)
 .text          0x00000000        0x0 c:/freescale/kds_3.0.0/toolchain/bin/../lib/gcc/arm-none-eabi/4.8.4/../../../../arm-none-eabi/lib/armv6-m\libg_s.a(lib_a-memcpy-stub.o)
 .data          0x00000000        0x0 c:/freescale/kds_3.0.0/toolchain/bin/../lib/gcc/arm-none-eabi/4.8.4/../../../../arm-none-eabi/lib/armv6-m\libg_s.a(lib_a-memcpy-stub.o)
 .bss           0x00000000        0x0 c:/freescale/kds_3.0.0/toolchain/bin/../lib/gcc/arm-none-eabi/4.8.4/../../../../arm-none-eabi/lib/armv6-m\libg_s.a(lib_a-memcpy-stub.o)
 .text          0x00000000        0x0 c:/freescale/kds_3.0.0/toolchain/bin/../lib/gcc/arm-none-eabi/4.8.4/../../../../arm-none-eabi/lib/armv6-m\libg_s.a(lib_a-memset.o)
 .data          0x00000000        0x0 c:/freescale/kds_3.0.0/toolchain/bin/../lib/gcc/arm-none-eabi/4.8.4/../../../../arm-none-eabi/lib/armv6-m\libg_s.a(lib_a-memset.o)
 .bss           0x00000000        0x0 c:/freescale/kds_3.0.0/toolchain/bin/../lib/gcc/arm-none-eabi/4.8.4/../../../../arm-none-eabi/lib/armv6-m\libg_s.a(lib_a-memset.o)
 .text          0x00000000        0x0 c:/freescale/kds_3.0.0/toolchain/bin/../lib/gcc/arm-none-eabi/4.8.4/../../../../arm-none-eabi/lib/armv6-m\libg_s.a(lib_a-nano-freer.o)
 .data          0x00000000        0x0 c:/freescale/kds_3.0.0/toolchain/bin/../lib/gcc/arm-none-eabi/4.8.4/../../../../arm-none-eabi/lib/armv6-m\libg_s.a(lib_a-nano-freer.o)
 .bss           0x00000000        0x0 c:/freescale/kds_3.0.0/toolchain/bin/../lib/gcc/arm-none-eabi/4.8.4/../../../../arm-none-eabi/lib/armv6-m\libg_s.a(lib_a-nano-freer.o)
 .text._free_r  0x00000000       0x90 c:/freescale/kds_3.0.0/toolchain/bin/../lib/gcc/arm-none-eabi/4.8.4/../../../../arm-none-eabi/lib/armv6-m\libg_s.a(lib_a-nano-freer.o)
 .ARM.attributes
                0x00000000       0x2c c:/freescale/kds_3.0.0/toolchain/bin/../lib/gcc/arm-none-eabi/4.8.4/../../../../arm-none-eabi/lib/armv6-m\libg_s.a(lib_a-nano-freer.o)
 .debug_frame   0x00000000       0x2c c:/freescale/kds_3.0.0/toolchain/bin/../lib/gcc/arm-none-eabi/4.8.4/../../../../arm-none-eabi/lib/armv6-m\libg_s.a(lib_a-nano-freer.o)
 .text          0x00000000        0x0 c:/freescale/kds_3.0.0/toolchain/bin/../lib/gcc/arm-none-eabi/4.8.4/../../../../arm-none-eabi/lib/armv6-m\libg_s.a(lib_a-nano-mallocr.o)
 .data          0x00000000        0x0 c:/freescale/kds_3.0.0/toolchain/bin/../lib/gcc/arm-none-eabi/4.8.4/../../../../arm-none-eabi/lib/armv6-m\libg_s.a(lib_a-nano-mallocr.o)
 .bss           0x00000000        0x0 c:/freescale/kds_3.0.0/toolchain/bin/../lib/gcc/arm-none-eabi/4.8.4/../../../../arm-none-eabi/lib/armv6-m\libg_s.a(lib_a-nano-mallocr.o)
 .text._malloc_r
                0x00000000       0xa8 c:/freescale/kds_3.0.0/toolchain/bin/../lib/gcc/arm-none-eabi/4.8.4/../../../../arm-none-eabi/lib/armv6-m\libg_s.a(lib_a-nano-mallocr.o)
 .bss.__malloc_sbrk_start
                0x00000000        0x4 c:/freescale/kds_3.0.0/toolchain/bin/../lib/gcc/arm-none-eabi/4.8.4/../../../../arm-none-eabi/lib/armv6-m\libg_s.a(lib_a-nano-mallocr.o)
 .bss.__malloc_free_list
                0x00000000        0x4 c:/freescale/kds_3.0.0/toolchain/bin/../lib/gcc/arm-none-eabi/4.8.4/../../../../arm-none-eabi/lib/armv6-m\libg_s.a(lib_a-nano-mallocr.o)
 .ARM.attributes
                0x00000000       0x2c c:/freescale/kds_3.0.0/toolchain/bin/../lib/gcc/arm-none-eabi/4.8.4/../../../../arm-none-eabi/lib/armv6-m\libg_s.a(lib_a-nano-mallocr.o)
 .debug_frame   0x00000000       0x2c c:/freescale/kds_3.0.0/toolchain/bin/../lib/gcc/arm-none-eabi/4.8.4/../../../../arm-none-eabi/lib/armv6-m\libg_s.a(lib_a-nano-mallocr.o)
 .text          0x00000000        0x0 c:/freescale/kds_3.0.0/toolchain/bin/../lib/gcc/arm-none-eabi/4.8.4/../../../../arm-none-eabi/lib/armv6-m\libg_s.a(lib_a-sbrkr.o)
 .data          0x00000000        0x0 c:/freescale/kds_3.0.0/toolchain/bin/../lib/gcc/arm-none-eabi/4.8.4/../../../../arm-none-eabi/lib/armv6-m\libg_s.a(lib_a-sbrkr.o)
 .bss           0x00000000        0x0 c:/freescale/kds_3.0.0/toolchain/bin/../lib/gcc/arm-none-eabi/4.8.4/../../../../arm-none-eabi/lib/armv6-m\libg_s.a(lib_a-sbrkr.o)
 .text._sbrk_r  0x00000000       0x24 c:/freescale/kds_3.0.0/toolchain/bin/../lib/gcc/arm-none-eabi/4.8.4/../../../../arm-none-eabi/lib/armv6-m\libg_s.a(lib_a-sbrkr.o)
 .ARM.attributes
                0x00000000       0x2c c:/freescale/kds_3.0.0/toolchain/bin/../lib/gcc/arm-none-eabi/4.8.4/../../../../arm-none-eabi/lib/armv6-m\libg_s.a(lib_a-sbrkr.o)
 .debug_frame   0x00000000       0x2c c:/freescale/kds_3.0.0/toolchain/bin/../lib/gcc/arm-none-eabi/4.8.4/../../../../arm-none-eabi/lib/armv6-m\libg_s.a(lib_a-sbrkr.o)
 .text          0x00000000        0x0 c:/freescale/kds_3.0.0/toolchain/bin/../lib/gcc/arm-none-eabi/4.8.4/../../../../arm-none-eabi/lib/armv6-m\libg_s.a(lib_a-reent.o)
 .data          0x00000000        0x0 c:/freescale/kds_3.0.0/toolchain/bin/../lib/gcc/arm-none-eabi/4.8.4/../../../../arm-none-eabi/lib/armv6-m\libg_s.a(lib_a-reent.o)
 .bss           0x00000000        0x0 c:/freescale/kds_3.0.0/toolchain/bin/../lib/gcc/arm-none-eabi/4.8.4/../../../../arm-none-eabi/lib/armv6-m\libg_s.a(lib_a-reent.o)
 .text.cleanup_glue
                0x00000000       0x1a c:/freescale/kds_3.0.0/toolchain/bin/../lib/gcc/arm-none-eabi/4.8.4/../../../../arm-none-eabi/lib/armv6-m\libg_s.a(lib_a-reent.o)
 .text._reclaim_reent
                0x00000000       0xcc c:/freescale/kds_3.0.0/toolchain/bin/../lib/gcc/arm-none-eabi/4.8.4/../../../../arm-none-eabi/lib/armv6-m\libg_s.a(lib_a-reent.o)
 .ARM.attributes
                0x00000000       0x2c c:/freescale/kds_3.0.0/toolchain/bin/../lib/gcc/arm-none-eabi/4.8.4/../../../../arm-none-eabi/lib/armv6-m\libg_s.a(lib_a-reent.o)
 .debug_frame   0x00000000       0x48 c:/freescale/kds_3.0.0/toolchain/bin/../lib/gcc/arm-none-eabi/4.8.4/../../../../arm-none-eabi/lib/armv6-m\libg_s.a(lib_a-reent.o)
 COMMON         0x00000000        0x4 c:/freescale/kds_3.0.0/toolchain/bin/../lib/gcc/arm-none-eabi/4.8.4/../../../../arm-none-eabi/lib/armv6-m\libg_s.a(lib_a-reent.o)
 .text          0x00000000        0x0 c:/freescale/kds_3.0.0/toolchain/bin/../lib/gcc/arm-none-eabi/4.8.4/../../../../arm-none-eabi/lib/armv6-m\libnosys.a(sbrk.o)
 .data          0x00000000        0x0 c:/freescale/kds_3.0.0/toolchain/bin/../lib/gcc/arm-none-eabi/4.8.4/../../../../arm-none-eabi/lib/armv6-m\libnosys.a(sbrk.o)
 .bss           0x00000000        0x0 c:/freescale/kds_3.0.0/toolchain/bin/../lib/gcc/arm-none-eabi/4.8.4/../../../../arm-none-eabi/lib/armv6-m\libnosys.a(sbrk.o)
 .text._sbrk    0x00000000       0x34 c:/freescale/kds_3.0.0/toolchain/bin/../lib/gcc/arm-none-eabi/4.8.4/../../../../arm-none-eabi/lib/armv6-m\libnosys.a(sbrk.o)
 .bss.heap_end.4246
                0x00000000        0x4 c:/freescale/kds_3.0.0/toolchain/bin/../lib/gcc/arm-none-eabi/4.8.4/../../../../arm-none-eabi/lib/armv6-m\libnosys.a(sbrk.o)
 .ARM.attributes
                0x00000000       0x2c c:/freescale/kds_3.0.0/toolchain/bin/../lib/gcc/arm-none-eabi/4.8.4/../../../../arm-none-eabi/lib/armv6-m\libnosys.a(sbrk.o)
 .debug_frame   0x00000000       0x20 c:/freescale/kds_3.0.0/toolchain/bin/../lib/gcc/arm-none-eabi/4.8.4/../../../../arm-none-eabi/lib/armv6-m\libnosys.a(sbrk.o)
 .text          0x00000000        0x0 c:/freescale/kds_3.0.0/toolchain/bin/../lib/gcc/arm-none-eabi/4.8.4/../../../../arm-none-eabi/lib/armv6-m\libnosys.a(_exit.o)
 .data          0x00000000        0x0 c:/freescale/kds_3.0.0/toolchain/bin/../lib/gcc/arm-none-eabi/4.8.4/../../../../arm-none-eabi/lib/armv6-m\libnosys.a(_exit.o)
 .bss           0x00000000        0x0 c:/freescale/kds_3.0.0/toolchain/bin/../lib/gcc/arm-none-eabi/4.8.4/../../../../arm-none-eabi/lib/armv6-m\libnosys.a(_exit.o)
 .text          0x00000000        0x0 c:/freescale/kds_3.0.0/toolchain/bin/../lib/gcc/arm-none-eabi/4.8.4/armv6-m/crtend.o
 .data          0x00000000        0x0 c:/freescale/kds_3.0.0/toolchain/bin/../lib/gcc/arm-none-eabi/4.8.4/armv6-m/crtend.o
 .bss           0x00000000        0x0 c:/freescale/kds_3.0.0/toolchain/bin/../lib/gcc/arm-none-eabi/4.8.4/armv6-m/crtend.o
 .eh_frame      0x00000000        0x4 c:/freescale/kds_3.0.0/toolchain/bin/../lib/gcc/arm-none-eabi/4.8.4/armv6-m/crtend.o
 .text          0x00000000        0x0 c:/freescale/kds_3.0.0/toolchain/bin/../lib/gcc/arm-none-eabi/4.8.4/armv6-m/crtn.o
 .data          0x00000000        0x0 c:/freescale/kds_3.0.0/toolchain/bin/../lib/gcc/arm-none-eabi/4.8.4/armv6-m/crtn.o
 .bss           0x00000000        0x0 c:/freescale/kds_3.0.0/toolchain/bin/../lib/gcc/arm-none-eabi/4.8.4/armv6-m/crtn.o

Memory Configuration

Name             Origin             Length             Attributes
m_interrupts     0x00000000         0x00000100         xr
m_flash_config   0x00000400         0x00000010         xr
m_text           0x00000410         0x0001fbf0         xr
m_data           0x1ffff000         0x00004000         rw
*default*        0x00000000         0xffffffff

Linker script and memory map

LOAD c:/freescale/kds_3.0.0/toolchain/bin/../lib/gcc/arm-none-eabi/4.8.4/armv6-m/crti.o
LOAD c:/freescale/kds_3.0.0/toolchain/bin/../lib/gcc/arm-none-eabi/4.8.4/armv6-m/crtbegin.o
LOAD c:/freescale/kds_3.0.0/toolchain/bin/../lib/gcc/arm-none-eabi/4.8.4/../../../../arm-none-eabi/lib/armv6-m/crt0.o
LOAD ./Sources/circular_buf.o
LOAD ./Sources/main.o
LOAD ./Sources/nrf24l01_1.o
LOAD ./Sources/spi.o
LOAD ./Project_Settings/Startup_Code/startup.o
LOAD ./Project_Settings/Startup_Code/startup_MKL25Z4.o
LOAD ./Project_Settings/Startup_Code/system_MKL25Z4.o
LOAD c:/freescale/kds_3.0.0/toolchain/bin/../lib/gcc/arm-none-eabi/4.8.4/../../../../arm-none-eabi/lib/armv6-m\libstdc++_s.a
LOAD c:/freescale/kds_3.0.0/toolchain/bin/../lib/gcc/arm-none-eabi/4.8.4/../../../../arm-none-eabi/lib/armv6-m\libm.a
START GROUP
LOAD c:/freescale/kds_3.0.0/toolchain/bin/../lib/gcc/arm-none-eabi/4.8.4/armv6-m\libgcc.a
LOAD c:/freescale/kds_3.0.0/toolchain/bin/../lib/gcc/arm-none-eabi/4.8.4/../../../../arm-none-eabi/lib/armv6-m\libg_s.a
LOAD c:/freescale/kds_3.0.0/toolchain/bin/../lib/gcc/arm-none-eabi/4.8.4/../../../../arm-none-eabi/lib/armv6-m\libc_s.a
END GROUP
START GROUP
LOAD c:/freescale/kds_3.0.0/toolchain/bin/../lib/gcc/arm-none-eabi/4.8.4/armv6-m\libgcc.a
LOAD c:/freescale/kds_3.0.0/toolchain/bin/../lib/gcc/arm-none-eabi/4.8.4/../../../../arm-none-eabi/lib/armv6-m\libc_s.a
LOAD c:/freescale/kds_3.0.0/toolchain/bin/../lib/gcc/arm-none-eabi/4.8.4/../../../../arm-none-eabi/lib/armv6-m\libnosys.a
END GROUP
START GROUP
LOAD c:/freescale/kds_3.0.0/toolchain/bin/../lib/gcc/arm-none-eabi/4.8.4/armv6-m\libgcc.a
LOAD c:/freescale/kds_3.0.0/toolchain/bin/../lib/gcc/arm-none-eabi/4.8.4/../../../../arm-none-eabi/lib/armv6-m\libc_s.a
LOAD c:/freescale/kds_3.0.0/toolchain/bin/../lib/gcc/arm-none-eabi/4.8.4/../../../../arm-none-eabi/lib/armv6-m\libnosys.a
END GROUP
LOAD c:/freescale/kds_3.0.0/toolchain/bin/../lib/gcc/arm-none-eabi/4.8.4/armv6-m/crtend.o
LOAD c:/freescale/kds_3.0.0/toolchain/bin/../lib/gcc/arm-none-eabi/4.8.4/armv6-m/crtn.o
                0x00000400                HEAP_SIZE = DEFINED (__heap_size__)?__heap_size__:0x400
                0x00000400                STACK_SIZE = DEFINED (__stack_size__)?__stack_size__:0x400
                0x00000000                M_VECTOR_RAM_SIZE = DEFINED (__ram_vector_table__)?0x100:0x0

.interrupts     0x00000000       0xc0
                0x00000000                __VECTOR_TABLE = .
                0x00000000                . = ALIGN (0x4)
 *(.isr_vector)
 .isr_vector    0x00000000       0xc0 ./Project_Settings/Startup_Code/startup_MKL25Z4.o
                0x00000000                __isr_vector
                0x000000c0                . = ALIGN (0x4)

.flash_config   0x00000400       0x10
                0x00000400                . = ALIGN (0x4)
 *(.FlashConfig)
 .FlashConfig   0x00000400       0x10 ./Project_Settings/Startup_Code/startup_MKL25Z4.o
                0x00000410                . = ALIGN (0x4)

.text           0x00000410      0xb20
                0x00000410                . = ALIGN (0x4)
 *(.text)
 .text          0x00000410       0x60 c:/freescale/kds_3.0.0/toolchain/bin/../lib/gcc/arm-none-eabi/4.8.4/armv6-m/crtbegin.o
 .text          0x00000470       0x78 c:/freescale/kds_3.0.0/toolchain/bin/../lib/gcc/arm-none-eabi/4.8.4/../../../../arm-none-eabi/lib/armv6-m/crt0.o
                0x00000470                _start
                0x00000470                _mainCRTStartup
 .text          0x000004e8       0x18 ./Project_Settings/Startup_Code/startup_MKL25Z4.o
                0x000004e8                Reset_Handler
                0x000004f8                HardFault_Handler
                0x000004f8                PendSV_Handler
                0x000004f8                NMI_Handler
                0x000004f8                I2C1_IRQHandler
                0x000004f8                UART1_IRQHandler
                0x000004f8                DMA2_IRQHandler
                0x000004f8                TPM0_IRQHandler
                0x000004f8                LLWU_IRQHandler
                0x000004f8                TSI0_IRQHandler
                0x000004f8                UART0_IRQHandler
                0x000004f8                ADC0_IRQHandler
                0x000004f8                Reserved39_IRQHandler
                0x000004f8                SPI1_IRQHandler
                0x000004f8                DefaultISR
                0x000004f8                PORTD_IRQHandler
                0x000004f8                TPM2_IRQHandler
                0x000004f8                RTC_IRQHandler
                0x000004f8                I2C0_IRQHandler
                0x000004f8                RTC_Seconds_IRQHandler
                0x000004f8                MCG_IRQHandler
                0x000004f8                UART2_IRQHandler
                0x000004f8                Reserved20_IRQHandler
                0x000004f8                USB0_IRQHandler
                0x000004f8                PIT_IRQHandler
                0x000004f8                SVC_Handler
                0x000004f8                DMA3_IRQHandler
                0x000004f8                DMA0_IRQHandler
                0x000004f8                DAC0_IRQHandler
                0x000004f8                Reserved45_IRQHandler
                0x000004f8                TPM1_IRQHandler
                0x000004f8                LVD_LVW_IRQHandler
                0x000004f8                SPI0_IRQHandler
                0x000004f8                PORTA_IRQHandler
                0x000004f8                FTFA_IRQHandler
                0x000004f8                LPTMR0_IRQHandler
                0x000004f8                CMP0_IRQHandler
                0x000004f8                DMA1_IRQHandler
 .text          0x00000500       0x9c c:/freescale/kds_3.0.0/toolchain/bin/../lib/gcc/arm-none-eabi/4.8.4/armv6-m\libgcc.a(_udivsi3.o)
                0x00000500                __aeabi_uidiv
                0x00000500                __udivsi3
                0x00000588                __aeabi_uidivmod
 .text          0x0000059c        0x4 c:/freescale/kds_3.0.0/toolchain/bin/../lib/gcc/arm-none-eabi/4.8.4/armv6-m\libgcc.a(_dvmd_tls.o)
                0x0000059c                __aeabi_idiv0
                0x0000059c                __aeabi_ldiv0
 *(.text*)
 .text.BufferFull
                0x000005a0       0x24 ./Sources/circular_buf.o
                0x000005a0                BufferFull
 .text.AddItemToBuf
                0x000005c4       0x5c ./Sources/circular_buf.o
                0x000005c4                AddItemToBuf
 .text.NVIC_SetPriority
                0x00000620       0xe0 ./Sources/main.o
 .text.SysTick_Config
                0x00000700       0x48 ./Sources/main.o
 .text.SysTick_Handler
                0x00000748       0x18 ./Sources/main.o
                0x00000748                SysTick_Handler
 .text.main     0x00000760       0x90 ./Sources/main.o
                0x00000760                main
 .text.nrf_config
                0x000007f0      0x170 ./Sources/nrf24l01_1.o
                0x000007f0                nrf_config
 .text.Nrf_write_register
                0x00000960       0x48 ./Sources/nrf24l01_1.o
                0x00000960                Nrf_write_register
 .text.RFWriteSendBuffer
                0x000009a8       0x98 ./Sources/nrf24l01_1.o
                0x000009a8                RFWriteSendBuffer
 .text.SPI_init
                0x00000a40       0x84 ./Sources/spi.o
                0x00000a40                SPI_init
 .text.SPI_status
                0x00000ac4       0x14 ./Sources/spi.o
                0x00000ac4                SPI_status
 .text.Spi_send_byte
                0x00000ad8       0x2c ./Sources/spi.o
                0x00000ad8                Spi_send_byte
 .text.SPI_read
                0x00000b04       0x30 ./Sources/spi.o
                0x00000b04                SPI_read
 .text.spi_flush
                0x00000b34       0x20 ./Sources/spi.o
                0x00000b34                spi_flush
 .text.init_data_bss
                0x00000b54       0xc8 ./Project_Settings/Startup_Code/startup.o
                0x00000b54                init_data_bss
 .text.SystemInit
                0x00000c1c       0x18 ./Project_Settings/Startup_Code/system_MKL25Z4.o
                0x00000c1c                SystemInit
 .text.SystemCoreClockUpdate
                0x00000c34      0x23c ./Project_Settings/Startup_Code/system_MKL25Z4.o
                0x00000c34                SystemCoreClockUpdate
 .text.exit     0x00000e70       0x2c c:/freescale/kds_3.0.0/toolchain/bin/../lib/gcc/arm-none-eabi/4.8.4/../../../../arm-none-eabi/lib/armv6-m\libg_s.a(lib_a-exit.o)
                0x00000e70                exit
 .text.__libc_init_array
                0x00000e9c       0x4c c:/freescale/kds_3.0.0/toolchain/bin/../lib/gcc/arm-none-eabi/4.8.4/../../../../arm-none-eabi/lib/armv6-m\libg_s.a(lib_a-init.o)
                0x00000e9c                __libc_init_array
 .text.memcpy   0x00000ee8       0x12 c:/freescale/kds_3.0.0/toolchain/bin/../lib/gcc/arm-none-eabi/4.8.4/../../../../arm-none-eabi/lib/armv6-m\libg_s.a(lib_a-memcpy-stub.o)
                0x00000ee8                memcpy
 .text.memset   0x00000efa       0x10 c:/freescale/kds_3.0.0/toolchain/bin/../lib/gcc/arm-none-eabi/4.8.4/../../../../arm-none-eabi/lib/armv6-m\libg_s.a(lib_a-memset.o)
                0x00000efa                memset
 *fill*         0x00000f0a        0x2 
 .text._exit    0x00000f0c        0x4 c:/freescale/kds_3.0.0/toolchain/bin/../lib/gcc/arm-none-eabi/4.8.4/../../../../arm-none-eabi/lib/armv6-m\libnosys.a(_exit.o)
                0x00000f0c                _exit
 *(.rodata)
 *(.rodata*)
 .rodata.str1.1
                0x00000f10        0x2 c:/freescale/kds_3.0.0/toolchain/bin/../lib/gcc/arm-none-eabi/4.8.4/../../../../arm-none-eabi/lib/armv6-m\libg_s.a(lib_a-impure.o)
 *fill*         0x00000f12        0x2 
 .rodata._global_impure_ptr
                0x00000f14        0x4 c:/freescale/kds_3.0.0/toolchain/bin/../lib/gcc/arm-none-eabi/4.8.4/../../../../arm-none-eabi/lib/armv6-m\libg_s.a(lib_a-impure.o)
                0x00000f14                _global_impure_ptr
 *(.glue_7)
 .glue_7        0x00000000        0x0 linker stubs
 *(.glue_7t)
 .glue_7t       0x00000000        0x0 linker stubs
 *(.eh_frame)
 .eh_frame      0x00000f18        0x0 c:/freescale/kds_3.0.0/toolchain/bin/../lib/gcc/arm-none-eabi/4.8.4/armv6-m/crtbegin.o
 *(.init)
 .init          0x00000f18        0x4 c:/freescale/kds_3.0.0/toolchain/bin/../lib/gcc/arm-none-eabi/4.8.4/armv6-m/crti.o
                0x00000f18                _init
 .init          0x00000f1c        0x8 c:/freescale/kds_3.0.0/toolchain/bin/../lib/gcc/arm-none-eabi/4.8.4/armv6-m/crtn.o
 *(.fini)
 .fini          0x00000f24        0x4 c:/freescale/kds_3.0.0/toolchain/bin/../lib/gcc/arm-none-eabi/4.8.4/armv6-m/crti.o
                0x00000f24                _fini
 .fini          0x00000f28        0x8 c:/freescale/kds_3.0.0/toolchain/bin/../lib/gcc/arm-none-eabi/4.8.4/armv6-m/crtn.o
                0x00000f30                . = ALIGN (0x4)

.vfp11_veneer   0x00000f30        0x0
 .vfp11_veneer  0x00000000        0x0 linker stubs

.v4_bx          0x00000f30        0x0
 .v4_bx         0x00000000        0x0 linker stubs

.iplt           0x00000f30        0x0
 .iplt          0x00000000        0x0 c:/freescale/kds_3.0.0/toolchain/bin/../lib/gcc/arm-none-eabi/4.8.4/armv6-m/crtbegin.o

.ARM.extab
 *(.ARM.extab* .gnu.linkonce.armextab.*)

.ARM            0x00000f30        0x8
                0x00000f30                __exidx_start = .
 *(.ARM.exidx*)
 .ARM.exidx     0x00000f30        0x8 c:/freescale/kds_3.0.0/toolchain/bin/../lib/gcc/arm-none-eabi/4.8.4/../../../../arm-none-eabi/lib/armv6-m/crt0.o
                0x00000f38                __exidx_end = .

.rel.dyn        0x00000f38        0x0
 .rel.iplt      0x00000000        0x0 c:/freescale/kds_3.0.0/toolchain/bin/../lib/gcc/arm-none-eabi/4.8.4/armv6-m/crtbegin.o

.ctors          0x00000f38        0x0
                0x00000f38                __CTOR_LIST__ = .
 *crtbegin.o(.ctors)
 *crtbegin?.o(.ctors)
 *(EXCLUDE_FILE(*crtend.o *crtend?.o) .ctors)
 *(SORT(.ctors.*))
 *(.ctors)
                0x00000f38                __CTOR_END__ = .

.dtors          0x00000f38        0x0
                0x00000f38                __DTOR_LIST__ = .
 *crtbegin.o(.dtors)
 *crtbegin?.o(.dtors)
 *(EXCLUDE_FILE(*crtend.o *crtend?.o) .dtors)
 *(SORT(.dtors.*))
 *(.dtors)
                0x00000f38                __DTOR_END__ = .

.preinit_array  0x00000f38        0x0
                0x00000f38                PROVIDE (__preinit_array_start, .)
 *(.preinit_array*)
                0x00000f38                PROVIDE (__preinit_array_end, .)

.init_array     0x00000f38        0x4
                0x00000f38                PROVIDE (__init_array_start, .)
 *(SORT(.init_array.*))
 *(.init_array*)
 .init_array    0x00000f38        0x4 c:/freescale/kds_3.0.0/toolchain/bin/../lib/gcc/arm-none-eabi/4.8.4/armv6-m/crtbegin.o
                0x00000f3c                PROVIDE (__init_array_end, .)

.fini_array     0x00000f3c        0x4
                0x00000f3c                PROVIDE (__fini_array_start, .)
 *(SORT(.fini_array.*))
 *(.fini_array*)
 .fini_array    0x00000f3c        0x4 c:/freescale/kds_3.0.0/toolchain/bin/../lib/gcc/arm-none-eabi/4.8.4/armv6-m/crtbegin.o
                0x00000f40                PROVIDE (__fini_array_end, .)
                0x00000f40                __etext = .
                0x00000f40                __DATA_ROM = .

.mtb            0x1ffff000        0x0
                0x1ffff000                . = ALIGN (0x8)
                0x1ffff000                _mtb_start = .
 *(.mtb_buf)
                0x1ffff000                . = ALIGN (0x8)
                0x1ffff000                _mtb_end = .

.interrupts_ram
                0x1ffff000        0x0
                0x1ffff000                . = ALIGN (0x4)
                0x1ffff000                __VECTOR_RAM__ = .
                0x1ffff000                __interrupts_ram_start__ = .
 *(.m_interrupts_ram)
                0x1ffff000                . = (. + M_VECTOR_RAM_SIZE)
                0x1ffff000                . = ALIGN (0x4)
                0x1ffff000                __interrupts_ram_end__ = .
                0x00000000                __VECTOR_RAM = DEFINED (__ram_vector_table__)?__VECTOR_RAM__:ORIGIN (m_interrupts)
                0x00000000                __RAM_VECTOR_TABLE_SIZE_BYTES = DEFINED (__ram_vector_table__)?(__interrupts_ram_end__ - __interrupts_ram_start__):0x0

.data           0x1ffff000       0x68 load address 0x00000f40
                0x1ffff000                . = ALIGN (0x4)
                0x1ffff000                __DATA_RAM = .
                0x1ffff000                __data_start__ = .
 *(.data)
 *(.data*)
 .data.SystemCoreClock
                0x1ffff000        0x4 ./Project_Settings/Startup_Code/system_MKL25Z4.o
                0x1ffff000                SystemCoreClock
 .data.impure_data
                0x1ffff004       0x60 c:/freescale/kds_3.0.0/toolchain/bin/../lib/gcc/arm-none-eabi/4.8.4/../../../../arm-none-eabi/lib/armv6-m\libg_s.a(lib_a-impure.o)
 *(.jcr*)
 .jcr           0x1ffff064        0x0 c:/freescale/kds_3.0.0/toolchain/bin/../lib/gcc/arm-none-eabi/4.8.4/armv6-m/crtbegin.o
 .jcr           0x1ffff064        0x4 c:/freescale/kds_3.0.0/toolchain/bin/../lib/gcc/arm-none-eabi/4.8.4/armv6-m/crtend.o
                0x1ffff068                . = ALIGN (0x4)
                0x1ffff068                __data_end__ = .
                0x00000fa8                __DATA_END = (__DATA_ROM + (__data_end__ - __data_start__))

.igot.plt       0x1ffff068        0x0 load address 0x00000fa8
 .igot.plt      0x00000000        0x0 c:/freescale/kds_3.0.0/toolchain/bin/../lib/gcc/arm-none-eabi/4.8.4/armv6-m/crtbegin.o

.bss            0x1ffff068       0x84 load address 0x00000fa8
                0x1ffff068                . = ALIGN (0x4)
                0x1ffff068                __START_BSS = .
                0x1ffff068                __bss_start__ = .
 *(.bss)
 .bss           0x1ffff068       0x1c c:/freescale/kds_3.0.0/toolchain/bin/../lib/gcc/arm-none-eabi/4.8.4/armv6-m/crtbegin.o
 *(.bss*)
 *(COMMON)
 COMMON         0x1ffff084       0x68 ./Sources/main.o
                0x1ffff084                ui32RxBuffer
                0x1ffff0d4                msTicks
                0x1ffff0d8                ui32TxBuffer
                0x1ffff0ec                . = ALIGN (0x4)
                0x1ffff0ec                __bss_end__ = .
                0x1ffff0ec                __END_BSS = .

.heap           0x1ffff0ec      0x404 load address 0x0000102c
                0x1ffff0f0                . = ALIGN (0x8)
 *fill*         0x1ffff0ec        0x4 
                0x1ffff0f0                __end__ = .
                0x1ffff0f0                PROVIDE (end, .)
                0x1ffff0f0                __HeapBase = .
                0x1ffff4f0                . = (. + HEAP_SIZE)
 *fill*         0x1ffff0f0      0x400 
                0x1ffff4f0                __HeapLimit = .

.stack          0x1ffff4f0      0x400 load address 0x00001430
                0x1ffff4f0                . = ALIGN (0x8)
                0x1ffff8f0                . = (. + STACK_SIZE)
 *fill*         0x1ffff4f0      0x400 
                0x20003000                __StackTop = (ORIGIN (m_data) + 0x4000)
                0x20002c00                __StackLimit = (__StackTop - STACK_SIZE)
                0x20003000                PROVIDE (__stack, __StackTop)

.ARM.attributes
                0x00000000       0x28
 *(.ARM.attributes)
 .ARM.attributes
                0x00000000       0x1e c:/freescale/kds_3.0.0/toolchain/bin/../lib/gcc/arm-none-eabi/4.8.4/armv6-m/crti.o
 .ARM.attributes
                0x0000001e       0x2c c:/freescale/kds_3.0.0/toolchain/bin/../lib/gcc/arm-none-eabi/4.8.4/armv6-m/crtbegin.o
 .ARM.attributes
                0x0000004a       0x1b c:/freescale/kds_3.0.0/toolchain/bin/../lib/gcc/arm-none-eabi/4.8.4/../../../../arm-none-eabi/lib/armv6-m/crt0.o
 .ARM.attributes
                0x00000065       0x32 ./Sources/circular_buf.o
 .ARM.attributes
                0x00000097       0x32 ./Sources/main.o
 .ARM.attributes
                0x000000c9       0x32 ./Sources/nrf24l01_1.o
 .ARM.attributes
                0x000000fb       0x32 ./Sources/spi.o
 .ARM.attributes
                0x0000012d       0x32 ./Project_Settings/Startup_Code/startup.o
 .ARM.attributes
                0x0000015f       0x1b ./Project_Settings/Startup_Code/startup_MKL25Z4.o
 .ARM.attributes
                0x0000017a       0x32 ./Project_Settings/Startup_Code/system_MKL25Z4.o
 .ARM.attributes
                0x000001ac       0x1e c:/freescale/kds_3.0.0/toolchain/bin/../lib/gcc/arm-none-eabi/4.8.4/armv6-m\libgcc.a(_udivsi3.o)
 .ARM.attributes
                0x000001ca       0x1e c:/freescale/kds_3.0.0/toolchain/bin/../lib/gcc/arm-none-eabi/4.8.4/armv6-m\libgcc.a(_dvmd_tls.o)
 .ARM.attributes
                0x000001e8       0x2c c:/freescale/kds_3.0.0/toolchain/bin/../lib/gcc/arm-none-eabi/4.8.4/../../../../arm-none-eabi/lib/armv6-m\libg_s.a(lib_a-exit.o)
 .ARM.attributes
                0x00000214       0x2c c:/freescale/kds_3.0.0/toolchain/bin/../lib/gcc/arm-none-eabi/4.8.4/../../../../arm-none-eabi/lib/armv6-m\libg_s.a(lib_a-impure.o)
 .ARM.attributes
                0x00000240       0x2c c:/freescale/kds_3.0.0/toolchain/bin/../lib/gcc/arm-none-eabi/4.8.4/../../../../arm-none-eabi/lib/armv6-m\libg_s.a(lib_a-init.o)
 .ARM.attributes
                0x0000026c       0x2c c:/freescale/kds_3.0.0/toolchain/bin/../lib/gcc/arm-none-eabi/4.8.4/../../../../arm-none-eabi/lib/armv6-m\libg_s.a(lib_a-memcpy-stub.o)
 .ARM.attributes
                0x00000298       0x2c c:/freescale/kds_3.0.0/toolchain/bin/../lib/gcc/arm-none-eabi/4.8.4/../../../../arm-none-eabi/lib/armv6-m\libg_s.a(lib_a-memset.o)
 .ARM.attributes
                0x000002c4       0x2c c:/freescale/kds_3.0.0/toolchain/bin/../lib/gcc/arm-none-eabi/4.8.4/../../../../arm-none-eabi/lib/armv6-m\libnosys.a(_exit.o)
 .ARM.attributes
                0x000002f0       0x2c c:/freescale/kds_3.0.0/toolchain/bin/../lib/gcc/arm-none-eabi/4.8.4/armv6-m/crtend.o
 .ARM.attributes
                0x0000031c       0x1e c:/freescale/kds_3.0.0/toolchain/bin/../lib/gcc/arm-none-eabi/4.8.4/armv6-m/crtn.o
                0x00000001                ASSERT ((__StackLimit >= __HeapLimit), region m_data overflowed with stack and heap)
OUTPUT(SPI_kl25z.elf elf32-littlearm)

.debug_info     0x00000000     0x15ae
 .debug_info    0x00000000      0x223 ./Sources/circular_buf.o
 .debug_info    0x00000223      0x5d0 ./Sources/main.o
 .debug_info    0x000007f3      0x297 ./Sources/nrf24l01_1.o
 .debug_info    0x00000a8a      0x417 ./Sources/spi.o
 .debug_info    0x00000ea1      0x296 ./Project_Settings/Startup_Code/startup.o
 .debug_info    0x00001137       0x83 ./Project_Settings/Startup_Code/startup_MKL25Z4.o
 .debug_info    0x000011ba      0x3f4 ./Project_Settings/Startup_Code/system_MKL25Z4.o

.debug_abbrev   0x00000000      0x754
 .debug_abbrev  0x00000000       0xd9 ./Sources/circular_buf.o
 .debug_abbrev  0x000000d9      0x1e3 ./Sources/main.o
 .debug_abbrev  0x000002bc      0x136 ./Sources/nrf24l01_1.o
 .debug_abbrev  0x000003f2      0x15c ./Sources/spi.o
 .debug_abbrev  0x0000054e       0xe9 ./Project_Settings/Startup_Code/startup.o
 .debug_abbrev  0x00000637       0x14 ./Project_Settings/Startup_Code/startup_MKL25Z4.o
 .debug_abbrev  0x0000064b      0x109 ./Project_Settings/Startup_Code/system_MKL25Z4.o

.debug_aranges  0x00000000      0x180
 .debug_aranges
                0x00000000       0x48 ./Sources/circular_buf.o
 .debug_aranges
                0x00000048       0x40 ./Sources/main.o
 .debug_aranges
                0x00000088       0x50 ./Sources/nrf24l01_1.o
 .debug_aranges
                0x000000d8       0x40 ./Sources/spi.o
 .debug_aranges
                0x00000118       0x20 ./Project_Settings/Startup_Code/startup.o
 .debug_aranges
                0x00000138       0x20 ./Project_Settings/Startup_Code/startup_MKL25Z4.o
 .debug_aranges
                0x00000158       0x28 ./Project_Settings/Startup_Code/system_MKL25Z4.o

.debug_ranges   0x00000000      0x100
 .debug_ranges  0x00000000       0x38 ./Sources/circular_buf.o
 .debug_ranges  0x00000038       0x30 ./Sources/main.o
 .debug_ranges  0x00000068       0x40 ./Sources/nrf24l01_1.o
 .debug_ranges  0x000000a8       0x30 ./Sources/spi.o
 .debug_ranges  0x000000d8       0x10 ./Project_Settings/Startup_Code/startup.o
 .debug_ranges  0x000000e8       0x18 ./Project_Settings/Startup_Code/system_MKL25Z4.o

.debug_macro    0x00000000    0x12e48
 .debug_macro   0x00000000      0x154 ./Sources/circular_buf.o
 .debug_macro   0x00000154      0x808 ./Sources/circular_buf.o
 .debug_macro   0x0000095c       0x58 ./Sources/circular_buf.o
 .debug_macro   0x000009b4       0x16 ./Sources/circular_buf.o
 .debug_macro   0x000009ca       0x35 ./Sources/circular_buf.o
 .debug_macro   0x000009ff       0xa3 ./Sources/circular_buf.o
 .debug_macro   0x00000aa2       0x16 ./Sources/circular_buf.o
 .debug_macro   0x00000ab8       0x97 ./Sources/circular_buf.o
 .debug_macro   0x00000b4f       0x10 ./Sources/circular_buf.o
 .debug_macro   0x00000b5f       0xef ./Sources/circular_buf.o
 .debug_macro   0x00000c4e       0x4a ./Sources/circular_buf.o
 .debug_macro   0x00000c98       0x52 ./Sources/circular_buf.o
 .debug_macro   0x00000cea       0x16 ./Sources/circular_buf.o
 .debug_macro   0x00000d00       0x43 ./Sources/circular_buf.o
 .debug_macro   0x00000d43      0x180 ./Sources/circular_buf.o
 .debug_macro   0x00000ec3       0x10 ./Sources/circular_buf.o
 .debug_macro   0x00000ed3       0x22 ./Sources/circular_buf.o
 .debug_macro   0x00000ef5       0xbd ./Sources/circular_buf.o
 .debug_macro   0x00000fb2       0x16 ./Sources/circular_buf.o
 .debug_macro   0x00000fc8      0x14a ./Sources/circular_buf.o
 .debug_macro   0x00001112       0x16 ./Sources/circular_buf.o
 .debug_macro   0x00001128       0x35 ./Sources/circular_buf.o
 .debug_macro   0x0000115d       0x22 ./Sources/circular_buf.o
 .debug_macro   0x0000117f      0x2a6 ./Sources/circular_buf.o
 .debug_macro   0x00001425       0x10 ./Sources/circular_buf.o
 .debug_macro   0x00001435      0x1d9 ./Sources/main.o
 .debug_macro   0x0000160e       0x16 ./Sources/main.o
 .debug_macro   0x00001624       0x44 ./Sources/main.o
 .debug_macro   0x00001668      0x209 ./Sources/main.o
 .debug_macro   0x00001871       0x3a ./Sources/main.o
 .debug_macro   0x000018ab       0x3a ./Sources/main.o
 .debug_macro   0x000018e5       0x1f ./Sources/main.o
 .debug_macro   0x00001904      0x250 ./Sources/main.o
 .debug_macro   0x00001b54       0x63 ./Sources/main.o
 .debug_macro   0x00001bb7     0x8439 ./Sources/main.o
 .debug_macro   0x00009ff0      0x10c ./Sources/main.o
 .debug_macro   0x0000a0fc       0x9c ./Sources/nrf24l01_1.o
 .debug_macro   0x0000a198       0x8d ./Sources/spi.o
 .debug_macro   0x0000a225      0x167 ./Project_Settings/Startup_Code/startup.o
 .debug_macro   0x0000a38c       0x11 ./Project_Settings/Startup_Code/startup.o
 .debug_macro   0x0000a39d      0x10e ./Project_Settings/Startup_Code/startup.o
 .debug_macro   0x0000a4ab       0x7f ./Project_Settings/Startup_Code/startup.o
 .debug_macro   0x0000a52a       0x7c ./Project_Settings/Startup_Code/startup.o
 .debug_macro   0x0000a5a6     0x764c ./Project_Settings/Startup_Code/startup.o
 .debug_macro   0x00011bf2     0x10b2 ./Project_Settings/Startup_Code/startup.o
 .debug_macro   0x00012ca4      0x158 ./Project_Settings/Startup_Code/system_MKL25Z4.o
 .debug_macro   0x00012dfc       0x4c ./Project_Settings/Startup_Code/system_MKL25Z4.o

.debug_line     0x00000000     0x1434
 .debug_line    0x00000000      0x309 ./Sources/circular_buf.o
 .debug_line    0x00000309      0x404 ./Sources/main.o
 .debug_line    0x0000070d      0x356 ./Sources/nrf24l01_1.o
 .debug_line    0x00000a63      0x296 ./Sources/spi.o
 .debug_line    0x00000cf9      0x357 ./Project_Settings/Startup_Code/startup.o
 .debug_line    0x00001050       0x6c ./Project_Settings/Startup_Code/startup_MKL25Z4.o
 .debug_line    0x000010bc      0x378 ./Project_Settings/Startup_Code/system_MKL25Z4.o

.debug_str      0x00000000    0x9d57d
 .debug_str     0x00000000     0x53ce ./Sources/circular_buf.o
                               0x54f0 (size before relaxing)
 .debug_str     0x000053ce    0x2fc6b ./Sources/main.o
                              0x35489 (size before relaxing)
 .debug_str     0x00035039       0xba ./Sources/nrf24l01_1.o
                              0x32291 (size before relaxing)
 .debug_str     0x000350f3      0x11a ./Sources/spi.o
                              0x32012 (size before relaxing)
 .debug_str     0x0003520d    0x682e9 ./Project_Settings/Startup_Code/startup.o
                              0x9b86b (size before relaxing)
 .debug_str     0x0009d4f6       0x87 ./Project_Settings/Startup_Code/system_MKL25Z4.o
                              0x9b8b2 (size before relaxing)

.comment        0x00000000       0x70
 .comment       0x00000000       0x70 ./Sources/circular_buf.o
                                 0x71 (size before relaxing)
 .comment       0x00000000       0x71 ./Sources/main.o
 .comment       0x00000000       0x71 ./Sources/nrf24l01_1.o
 .comment       0x00000000       0x71 ./Sources/spi.o
 .comment       0x00000000       0x71 ./Project_Settings/Startup_Code/startup.o
 .comment       0x00000000       0x71 ./Project_Settings/Startup_Code/system_MKL25Z4.o

.debug_frame    0x00000000      0x468
 .debug_frame   0x00000000       0xd0 ./Sources/circular_buf.o
 .debug_frame   0x000000d0       0xb0 ./Sources/main.o
 .debug_frame   0x00000180       0xec ./Sources/nrf24l01_1.o
 .debug_frame   0x0000026c       0xa4 ./Sources/spi.o
 .debug_frame   0x00000310       0x30 ./Project_Settings/Startup_Code/startup.o
 .debug_frame   0x00000340       0x4c ./Project_Settings/Startup_Code/system_MKL25Z4.o
 .debug_frame   0x0000038c       0x20 c:/freescale/kds_3.0.0/toolchain/bin/../lib/gcc/arm-none-eabi/4.8.4/armv6-m\libgcc.a(_udivsi3.o)
 .debug_frame   0x000003ac       0x28 c:/freescale/kds_3.0.0/toolchain/bin/../lib/gcc/arm-none-eabi/4.8.4/../../../../arm-none-eabi/lib/armv6-m\libg_s.a(lib_a-exit.o)
 .debug_frame   0x000003d4       0x2c c:/freescale/kds_3.0.0/toolchain/bin/../lib/gcc/arm-none-eabi/4.8.4/../../../../arm-none-eabi/lib/armv6-m\libg_s.a(lib_a-init.o)
 .debug_frame   0x00000400       0x28 c:/freescale/kds_3.0.0/toolchain/bin/../lib/gcc/arm-none-eabi/4.8.4/../../../../arm-none-eabi/lib/armv6-m\libg_s.a(lib_a-memcpy-stub.o)
 .debug_frame   0x00000428       0x20 c:/freescale/kds_3.0.0/toolchain/bin/../lib/gcc/arm-none-eabi/4.8.4/../../../../arm-none-eabi/lib/armv6-m\libg_s.a(lib_a-memset.o)
 .debug_frame   0x00000448       0x20 c:/freescale/kds_3.0.0/toolchain/bin/../lib/gcc/arm-none-eabi/4.8.4/../../../../arm-none-eabi/lib/armv6-m\libnosys.a(_exit.o)
